// Jest Snapshot v1, https://goo.gl/fbAQLP

exports[`renders correctly 1`] = `
Array [
  <header
    className="row"
  >
    <div
      className="row cross-center flex"
    >
      <h1>
        Math-Magicians
      </h1>
    </div>
    <div
      className="row main-center cross-center navs"
    >
      <a
        href="/"
        onClick={[Function]}
      >
        Home
      </a>
      <a
        href="/calculator"
        onClick={[Function]}
      >
        Calculator
      </a>
      <a
        href="/quote"
        onClick={[Function]}
      >
        Quote
      </a>
    </div>
  </header>,
  <div
    className="container"
  >
    <h2>
      Welcome to our page!
    </h2>
    <p>
      Lorem ipsum dolor sit amet, consectetur adipisicing elit, sed do eiusmod tempor incididunt ut labore et dolore magna aliqua. Utenim ad minim veniam, quis nostrud exercitation ullamco laboris nisi ut aliquip ex ea commodo consequat. Duis aute irure dolor inreprehenderit in voluptate velit esse cillum dolore eu fugiat nulla pariatur. Excepteur sint occaecat cupidatat non proident, sunt inculpa qui o!cia deserunt mollit anim id est laborum. Ipsu
    </p>
  </div>,
]
`;
